<?xml version="1.0" encoding="UTF-8"?>
<testsuites name="jest tests" tests="5" failures="0" time="0.97">
  <testsuite name="check" errors="0" failures="0" skipped="0" timestamp="2019-05-21T21:02:06" time="0.501" tests="5">
    <testcase classname="check parseNumberOfFiles empty string returns 0 matched files" name="check parseNumberOfFiles empty string returns 0 matched files" time="0.003">
    </testcase>
    <testcase classname="check parseNumberOfFiles git diff with no matching string returns 0 matched files" name="check parseNumberOfFiles git diff with no matching string returns 0 matched files" time="0.001">
    </testcase>
    <testcase classname="check parseNumberOfFiles git diff with changed files returns number of files" name="check parseNumberOfFiles git diff with changed files returns number of files" time="0">
    </testcase>
    <testcase classname="check findRelevantMessageDetails if numberOfFiles less than 15, matches good message" name="check findRelevantMessageDetails if numberOfFiles less than 15, matches good message" time="0.001">
    </testcase>
    <testcase classname="check findRelevantMessageDetails if numberOfFiles greater than 40, matches very large message" name="check findRelevantMessageDetails if numberOfFiles greater than 40, matches very large message" time="0">
    </testcase>
  </testsuite>
</testsuites>